// Jest Snapshot v1, https://goo.gl/fbAQLP

exports[`ColorWidget simple 1`] = `
<input
  autoFocus={true}
  className="is-invalid form-control"
  disabled={false}
  id="_id"
  onBlur={[Function]}
  onChange={[Function]}
  onFocus={[Function]}
  placeholder=""
  readOnly={true}
  required={true}
  type="color"
  value="value"
/>
`;
